[00:00:27] [Server thread/INFO] [net.minecraft.server.dedicated.DedicatedServer]: esnorlax7u7 was slain by Myrmex Soldier
[00:00:27] [Server thread/INFO] [tombstone]: The last known grave of esnorlax7u7 is at location [name:Last Grave, x:522, y:73, z:-999] in the dimension 0
[00:00:28] [Server thread/INFO] [tombstone]: esnorlax7u7 has successfully been saved
[00:00:36] [Async Chat Thread - 15/INFO] []: <esnorlax7u7> esta duro
[00:01:53] [Server thread/INFO] [net.minecraft.server.dedicated.DedicatedServer]: esnorlax7u7 was slain by Myrmex Soldier
[00:01:53] [Server thread/INFO] [tombstone]: The last known grave of esnorlax7u7 is at location [name:Last Grave, x:487, y:54, z:-974] in the dimension 0
[00:01:53] [Server thread/INFO] [tombstone]: esnorlax7u7 has successfully been saved
[00:02:07] [Server thread/INFO] [net.minecraft.network.NetHandlerPlayServer]: esnorlax7u7 issued server command: /give @s ender_pearl
[00:02:07] [Server thread/INFO] [net.minecraft.server.dedicated.DedicatedServer]: [esnorlax7u7: Given [Ender Pearl] * 1 to esnorlax7u7]
[00:02:37] [Server thread/INFO] [net.minecraft.network.NetHandlerPlayServer]: esnorlax7u7 issued server command: /tp repollodorado
[00:02:37] [Server thread/INFO] [net.minecraft.server.dedicated.DedicatedServer]: [esnorlax7u7: Teleported esnorlax7u7 to Repollodorado]
[00:03:18] [Server thread/DEBUG] [FML]: Gathering id map for writing to world save world
[00:04:55] [Server thread/INFO] [net.minecraft.network.NetHandlerPlayServer]: esnorlax7u7 issued server command: /time set day
[00:04:55] [Server thread/INFO] [net.minecraft.server.dedicated.DedicatedServer]: [esnorlax7u7: Set the time to 1000]
[00:05:15] [Server thread/INFO] [mca]: Villager death: Christopher. Caused by: Husk. UUID: dea6f640-bd37-46c1-9e83-f46d9773c4a2
[00:05:19] [Async Chat Thread - 16/INFO] []: <esnorlax7u7> on ta el dragon xd
[00:05:24] [Async Chat Thread - 16/INFO] []: <esnorlax7u7> me lo voi a cachar
[00:05:28] [Async Chat Thread - 16/INFO] []: <Repollodorado> ven
[00:07:09] [Async Chat Thread - 17/INFO] []: <Repollodorado> por alla esta
[00:08:14] [Async Chat Thread - 18/INFO] []: <esnorlax7u7> uff
[00:08:18] [Server thread/DEBUG] [FML]: Gathering id map for writing to world save world
[00:08:34] [Server thread/INFO] [net.minecraft.server.dedicated.DedicatedServer]: Repollodorado was burnt to a crisp whilst fighting Barako, the Sun Chief
[00:08:34] [Server thread/INFO] [tombstone]: The last known grave of Repollodorado is at location [name:Last Grave, x:639, y:66, z:-1137] in the dimension 0
[00:08:34] [Server thread/INFO] [tombstone]: Repollodorado has successfully been saved
[00:09:58] [Async Chat Thread - 19/INFO] []: <esnorlax7u7> ese si lo matas te da su mascara
[00:11:01] [Server thread/INFO] [net.minecraft.server.dedicated.DedicatedServer]: Repollodorado has made the advancement [Masquerade]
[00:11:47] [Async Chat Thread - 20/INFO] []: <esnorlax7u7> mr lo cacho?
[00:12:15] [Async Chat Thread - 20/INFO] []: <Repollodorado> con la mascara puesta creo no me atacan los otros no?
[00:12:35] [Async Chat Thread - 20/INFO] []: <esnorlax7u7> no no te atacan solo si le peagas al gefe
[00:12:43] [Async Chat Thread - 20/INFO] []: <Repollodorado> vamos
[00:13:03] [Server thread/INFO] [net.minecraft.server.dedicated.DedicatedServer]: Repollodorado has made the advancement [Undercover]
[00:13:04] [Async Chat Thread - 20/INFO] []: <esnorlax7u7> le doy?
[00:13:18] [Server thread/DEBUG] [FML]: Gathering id map for writing to world save world
[00:13:44] [Server thread/INFO] [net.minecraft.server.dedicated.DedicatedServer]: Repollodorado was slain by Barako, the Sun Chief
[00:13:44] [Server thread/INFO] [tombstone]: The last known grave of Repollodorado is at location [name:Last Grave, x:627, y:63, z:-1143] in the dimension 0
[00:13:44] [Server thread/INFO] [tombstone]: Repollodorado has successfully been saved
[00:13:57] [Async Chat Thread - 20/INFO] []: <esnorlax7u7> gg
[00:14:29] [Server thread/INFO] [net.minecraft.network.NetHandlerPlayServer]: esnorlax7u7 issued server command: /time set day
[00:14:29] [Server thread/INFO] [net.minecraft.server.dedicated.DedicatedServer]: [esnorlax7u7: Set the time to 1000]
[00:15:16] [Server thread/INFO] [net.minecraft.network.NetHandlerPlayServer]: esnorlax7u7 issued server command: /tp repollodorado
[00:15:16] [Server thread/INFO] [net.minecraft.server.dedicated.DedicatedServer]: [esnorlax7u7: Teleported esnorlax7u7 to Repollodorado]
[00:15:50] [Async Chat Thread - 21/INFO] []: <Repollodorado> quedatela
[00:15:57] [Async Chat Thread - 21/INFO] []: <esnorlax7u7> yo ya tengo una
[00:16:01] [Async Chat Thread - 21/INFO] []: <Repollodorado> bueno
[00:16:48] [Async Chat Thread - 21/INFO] []: <esnorlax7u7> con esa mascara invocaas esclavos
[00:17:19] [Async Chat Thread - 21/INFO] []: <esnorlax7u7> con una mascar dale clck
[00:17:40] [Async Chat Thread - 21/INFO] []: <Repollodorado> a ya
[00:18:10] [Async Chat Thread - 21/INFO] []: <Repollodorado> yo creo voy a hacer mi base
[00:18:19] [Server thread/DEBUG] [FML]: Gathering id map for writing to world save world
[00:18:27] [Async Chat Thread - 21/INFO] []: <esnorlax7u7> ok
[00:19:00] [Server thread/INFO] [net.minecraft.network.NetHandlerPlayServer]: esnorlax7u7 issued server command: /tp esnorlax7u7 1 65 286
[00:19:00] [Server thread/INFO] [net.minecraft.server.dedicated.DedicatedServer]: [esnorlax7u7: Teleported esnorlax7u7 to 1.5, 65.0, 286.5]
[00:23:19] [Server thread/DEBUG] [FML]: Gathering id map for writing to world save world
[00:25:18] [Async Chat Thread - 22/INFO] []: <esnorlax7u7> zzz
[00:28:19] [Server thread/DEBUG] [FML]: Gathering id map for writing to world save world
[00:33:20] [Server thread/DEBUG] [FML]: Gathering id map for writing to world save world
[00:35:40] [Server thread/DEBUG] [FML]: LLibrary loaded a new chunk [-27, -51] in dimension 0 (overworld) while populating chunk [-25, -50], causing cascading worldgen lag.
[00:35:40] [Server thread/DEBUG] [FML]: Please report this to the mod's issue tracker. This log can be disabled in the Forge config.
[00:35:40] [Server thread/DEBUG] [FML]: LLibrary loaded a new chunk [-25, -51] in dimension 0 (overworld) while populating chunk [-25, -50], causing cascading worldgen lag.
[00:35:40] [Server thread/DEBUG] [FML]: Please report this to the mod's issue tracker. This log can be disabled in the Forge config.
[00:35:40] [Server thread/DEBUG] [FML]: LLibrary loaded a new chunk [-26, -51] in dimension 0 (overworld) while populating chunk [-25, -50], causing cascading worldgen lag.
[00:35:40] [Server thread/DEBUG] [FML]: Please report this to the mod's issue tracker. This log can be disabled in the Forge config.
[00:36:16] [Server thread/DEBUG] [FML]: Roguelike Dungeons loaded a new chunk [-34, -49] in dimension 0 (overworld) while populating chunk [-30, -49], causing cascading worldgen lag.
[00:36:16] [Server thread/DEBUG] [FML]: Please report this to the mod's issue tracker. This log can be disabled in the Forge config.
[00:36:16] [Server thread/DEBUG] [FML]: Roguelike Dungeons loaded a new chunk [-33, -49] in dimension 0 (overworld) while populating chunk [-30, -49], causing cascading worldgen lag.
[00:36:16] [Server thread/DEBUG] [FML]: Please report this to the mod's issue tracker. This log can be disabled in the Forge config.
[00:36:16] [Server thread/DEBUG] [FML]: Roguelike Dungeons loaded a new chunk [-31, -49] in dimension 0 (overworld) while populating chunk [-30, -49], causing cascading worldgen lag.
[00:36:16] [Server thread/DEBUG] [FML]: Please report this to the mod's issue tracker. This log can be disabled in the Forge config.
[00:36:16] [Server thread/DEBUG] [FML]: Roguelike Dungeons loaded a new chunk [-32, -49] in dimension 0 (overworld) while populating chunk [-30, -49], causing cascading worldgen lag.
[00:36:16] [Server thread/DEBUG] [FML]: Please report this to the mod's issue tracker. This log can be disabled in the Forge config.
[00:36:16] [Server thread/DEBUG] [FML]: Roguelike Dungeons loaded a new chunk [-31, -50] in dimension 0 (overworld) while populating chunk [-30, -49], causing cascading worldgen lag.
[00:36:16] [Server thread/DEBUG] [FML]: Please report this to the mod's issue tracker. This log can be disabled in the Forge config.
[00:36:16] [Server thread/DEBUG] [FML]: Roguelike Dungeons loaded a new chunk [-34, -48] in dimension 0 (overworld) while populating chunk [-30, -49], causing cascading worldgen lag.
[00:36:16] [Server thread/DEBUG] [FML]: Please report this to the mod's issue tracker. This log can be disabled in the Forge config.
[00:36:16] [Server thread/DEBUG] [FML]: Roguelike Dungeons loaded a new chunk [-34, -47] in dimension 0 (overworld) while populating chunk [-30, -49], causing cascading worldgen lag.
[00:36:16] [Server thread/DEBUG] [FML]: Please report this to the mod's issue tracker. This log can be disabled in the Forge config.
[00:36:16] [Server thread/DEBUG] [FML]: Roguelike Dungeons loaded a new chunk [-35, -49] in dimension 0 (overworld) while populating chunk [-30, -49], causing cascading worldgen lag.
[00:36:16] [Server thread/DEBUG] [FML]: Please report this to the mod's issue tracker. This log can be disabled in the Forge config.
[00:36:16] [Server thread/DEBUG] [FML]: Roguelike Dungeons loaded a new chunk [-36, -49] in dimension 0 (overworld) while populating chunk [-30, -49], causing cascading worldgen lag.
[00:36:16] [Server thread/DEBUG] [FML]: Please report this to the mod's issue tracker. This log can be disabled in the Forge config.
[00:36:16] [Server thread/DEBUG] [FML]: Roguelike Dungeons loaded a new chunk [-32, -50] in dimension 0 (overworld) while populating chunk [-30, -49], causing cascading worldgen lag.
[00:36:16] [Server thread/DEBUG] [FML]: Please report this to the mod's issue tracker. This log can be disabled in the Forge config.
[00:36:16] [Server thread/DEBUG] [FML]: Roguelike Dungeons loaded a new chunk [-32, -51] in dimension 0 (overworld) while populating chunk [-30, -49], causing cascading worldgen lag.
[00:36:16] [Server thread/DEBUG] [FML]: Please report this to the mod's issue tracker. This log can be disabled in the Forge config.
[00:36:16] [Server thread/DEBUG] [FML]: Roguelike Dungeons loaded a new chunk [-31, -48] in dimension 0 (overworld) while populating chunk [-30, -49], causing cascading worldgen lag.
[00:36:16] [Server thread/DEBUG] [FML]: Please report this to the mod's issue tracker. This log can be disabled in the Forge config.
[00:36:16] [Server thread/DEBUG] [FML]: Roguelike Dungeons loaded a new chunk [-32, -48] in dimension 0 (overworld) while populating chunk [-30, -49], causing cascading worldgen lag.
[00:36:16] [Server thread/DEBUG] [FML]: Please report this to the mod's issue tracker. This log can be disabled in the Forge config.
[00:36:16] [Server thread/DEBUG] [FML]: Roguelike Dungeons loaded a new chunk [-33, -48] in dimension 0 (overworld) while populating chunk [-30, -49], causing cascading worldgen lag.
[00:36:16] [Server thread/DEBUG] [FML]: Please report this to the mod's issue tracker. This log can be disabled in the Forge config.
[00:36:16] [Server thread/DEBUG] [FML]: Roguelike Dungeons loaded a new chunk [-34, -46] in dimension 0 (overworld) while populating chunk [-30, -49], causing cascading worldgen lag.
[00:36:16] [Server thread/DEBUG] [FML]: Please report this to the mod's issue tracker. This log can be disabled in the Forge config.
[00:36:16] [Server thread/DEBUG] [FML]: Roguelike Dungeons loaded a new chunk [-31, -47] in dimension 0 (overworld) while populating chunk [-30, -49], causing cascading worldgen lag.
[00:36:16] [Server thread/DEBUG] [FML]: Please report this to the mod's issue tracker. This log can be disabled in the Forge config.
[00:36:16] [Server thread/DEBUG] [FML]: Roguelike Dungeons loaded a new chunk [-32, -47] in dimension 0 (overworld) while populating chunk [-30, -49], causing cascading worldgen lag.
[00:36:16] [Server thread/DEBUG] [FML]: Please report this to the mod's issue tracker. This log can be disabled in the Forge config.
[00:36:16] [Server thread/DEBUG] [FML]: Roguelike Dungeons loaded a new chunk [-33, -47] in dimension 0 (overworld) while populating chunk [-30, -49], causing cascading worldgen lag.
[00:36:16] [Server thread/DEBUG] [FML]: Please report this to the mod's issue tracker. This log can be disabled in the Forge config.
[00:36:16] [Server thread/DEBUG] [FML]: Roguelike Dungeons loaded a new chunk [-31, -46] in dimension 0 (overworld) while populating chunk [-30, -49], causing cascading worldgen lag.
[00:36:16] [Server thread/DEBUG] [FML]: Please report this to the mod's issue tracker. This log can be disabled in the Forge config.
[00:36:16] [Server thread/DEBUG] [FML]: Roguelike Dungeons loaded a new chunk [-32, -46] in dimension 0 (overworld) while populating chunk [-30, -49], causing cascading worldgen lag.
[00:36:16] [Server thread/DEBUG] [FML]: Please report this to the mod's issue tracker. This log can be disabled in the Forge config.
[00:36:16] [Server thread/DEBUG] [FML]: Roguelike Dungeons loaded a new chunk [-33, -46] in dimension 0 (overworld) while populating chunk [-30, -49], causing cascading worldgen lag.
[00:36:16] [Server thread/DEBUG] [FML]: Please report this to the mod's issue tracker. This log can be disabled in the Forge config.
[00:36:16] [Server thread/DEBUG] [FML]: Roguelike Dungeons loaded a new chunk [-33, -50] in dimension 0 (overworld) while populating chunk [-30, -49], causing cascading worldgen lag.
[00:36:16] [Server thread/DEBUG] [FML]: Please report this to the mod's issue tracker. This log can be disabled in the Forge config.
[00:36:16] [Server thread/DEBUG] [FML]: Roguelike Dungeons loaded a new chunk [-34, -50] in dimension 0 (overworld) while populating chunk [-30, -49], causing cascading worldgen lag.
[00:36:16] [Server thread/DEBUG] [FML]: Please report this to the mod's issue tracker. This log can be disabled in the Forge config.
[00:36:16] [Server thread/DEBUG] [FML]: Roguelike Dungeons loaded a new chunk [-35, -50] in dimension 0 (overworld) while populating chunk [-30, -49], causing cascading worldgen lag.
[00:36:16] [Server thread/DEBUG] [FML]: Please report this to the mod's issue tracker. This log can be disabled in the Forge config.
[00:36:16] [Server thread/DEBUG] [FML]: Roguelike Dungeons loaded a new chunk [-36, -50] in dimension 0 (overworld) while populating chunk [-30, -49], causing cascading worldgen lag.
[00:36:16] [Server thread/DEBUG] [FML]: Please report this to the mod's issue tracker. This log can be disabled in the Forge config.
[00:36:16] [Server thread/DEBUG] [FML]: Roguelike Dungeons loaded a new chunk [-35, -51] in dimension 0 (overworld) while populating chunk [-30, -49], causing cascading worldgen lag.
[00:36:16] [Server thread/DEBUG] [FML]: Please report this to the mod's issue tracker. This log can be disabled in the Forge config.
[00:36:16] [Server thread/DEBUG] [FML]: Roguelike Dungeons loaded a new chunk [-36, -51] in dimension 0 (overworld) while populating chunk [-30, -49], causing cascading worldgen lag.
[00:36:16] [Server thread/DEBUG] [FML]: Please report this to the mod's issue tracker. This log can be disabled in the Forge config.
[00:36:16] [Server thread/DEBUG] [FML]: Roguelike Dungeons loaded a new chunk [-35, -48] in dimension 0 (overworld) while populating chunk [-30, -49], causing cascading worldgen lag.
[00:36:16] [Server thread/DEBUG] [FML]: Please report this to the mod's issue tracker. This log can be disabled in the Forge config.
[00:36:16] [Server thread/DEBUG] [FML]: Roguelike Dungeons loaded a new chunk [-36, -48] in dimension 0 (overworld) while populating chunk [-30, -49], causing cascading worldgen lag.
[00:36:16] [Server thread/DEBUG] [FML]: Please report this to the mod's issue tracker. This log can be disabled in the Forge config.
[00:36:16] [Server thread/DEBUG] [FML]: Roguelike Dungeons loaded a new chunk [-33, -51] in dimension 0 (overworld) while populating chunk [-30, -49], causing cascading worldgen lag.
[00:36:16] [Server thread/DEBUG] [FML]: Please report this to the mod's issue tracker. This log can be disabled in the Forge config.
[00:36:16] [Server thread/DEBUG] [FML]: Roguelike Dungeons loaded a new chunk [-34, -51] in dimension 0 (overworld) while populating chunk [-30, -49], causing cascading worldgen lag.
[00:36:16] [Server thread/DEBUG] [FML]: Please report this to the mod's issue tracker. This log can be disabled in the Forge config.
[00:36:16] [Server thread/DEBUG] [FML]: Roguelike Dungeons loaded a new chunk [-35, -47] in dimension 0 (overworld) while populating chunk [-30, -49], causing cascading worldgen lag.
[00:36:16] [Server thread/DEBUG] [FML]: Please report this to the mod's issue tracker. This log can be disabled in the Forge config.
[00:36:16] [Server thread/DEBUG] [FML]: Roguelike Dungeons loaded a new chunk [-35, -46] in dimension 0 (overworld) while populating chunk [-30, -49], causing cascading worldgen lag.
[00:36:16] [Server thread/DEBUG] [FML]: Please report this to the mod's issue tracker. This log can be disabled in the Forge config.
[00:36:16] [Server thread/DEBUG] [FML]: Roguelike Dungeons loaded a new chunk [-36, -47] in dimension 0 (overworld) while populating chunk [-30, -49], causing cascading worldgen lag.
[00:36:16] [Server thread/DEBUG] [FML]: Please report this to the mod's issue tracker. This log can be disabled in the Forge config.
[00:36:16] [Server thread/DEBUG] [FML]: Roguelike Dungeons loaded a new chunk [-36, -46] in dimension 0 (overworld) while populating chunk [-30, -49], causing cascading worldgen lag.
[00:36:16] [Server thread/DEBUG] [FML]: Please report this to the mod's issue tracker. This log can be disabled in the Forge config.
[00:36:16] [Server thread/DEBUG] [FML]: Roguelike Dungeons loaded a new chunk [-31, -45] in dimension 0 (overworld) while populating chunk [-30, -49], causing cascading worldgen lag.
[00:36:16] [Server thread/DEBUG] [FML]: Please report this to the mod's issue tracker. This log can be disabled in the Forge config.
[00:36:16] [Server thread/DEBUG] [FML]: Roguelike Dungeons loaded a new chunk [-32, -45] in dimension 0 (overworld) while populating chunk [-30, -49], causing cascading worldgen lag.
[00:36:16] [Server thread/DEBUG] [FML]: Please report this to the mod's issue tracker. This log can be disabled in the Forge config.
[00:36:16] [Server thread/DEBUG] [FML]: Roguelike Dungeons loaded a new chunk [-37, -49] in dimension 0 (overworld) while populating chunk [-30, -49], causing cascading worldgen lag.
[00:36:16] [Server thread/DEBUG] [FML]: Please report this to the mod's issue tracker. This log can be disabled in the Forge config.
[00:36:16] [Server thread/DEBUG] [FML]: Roguelike Dungeons loaded a new chunk [-37, -50] in dimension 0 (overworld) while populating chunk [-30, -49], causing cascading worldgen lag.
[00:36:16] [Server thread/DEBUG] [FML]: Please report this to the mod's issue tracker. This log can be disabled in the Forge config.
[00:36:16] [Server thread/DEBUG] [FML]: Roguelike Dungeons loaded a new chunk [-37, -51] in dimension 0 (overworld) while populating chunk [-30, -49], causing cascading worldgen lag.
[00:36:16] [Server thread/DEBUG] [FML]: Please report this to the mod's issue tracker. This log can be disabled in the Forge config.
[00:36:16] [Server thread/DEBUG] [FML]: Roguelike Dungeons loaded a new chunk [-33, -45] in dimension 0 (overworld) while populating chunk [-30, -49], causing cascading worldgen lag.
[00:36:16] [Server thread/DEBUG] [FML]: Please report this to the mod's issue tracker. This log can be disabled in the Forge config.
[00:36:16] [Server thread/DEBUG] [FML]: Roguelike Dungeons loaded a new chunk [-34, -45] in dimension 0 (overworld) while populating chunk [-30, -49], causing cascading worldgen lag.
[00:36:16] [Server thread/DEBUG] [FML]: Please report this to the mod's issue tracker. This log can be disabled in the Forge config.
[00:36:17] [Server thread/DEBUG] [FML]: Roguelike Dungeons loaded a new chunk [-35, -45] in dimension 0 (overworld) while populating chunk [-30, -49], causing cascading worldgen lag.
[00:36:17] [Server thread/DEBUG] [FML]: Please report this to the mod's issue tracker. This log can be disabled in the Forge config.
[00:36:17] [Server thread/DEBUG] [FML]: Roguelike Dungeons loaded a new chunk [-36, -45] in dimension 0 (overworld) while populating chunk [-30, -49], causing cascading worldgen lag.
[00:36:17] [Server thread/DEBUG] [FML]: Please report this to the mod's issue tracker. This log can be disabled in the Forge config.
[00:36:17] [Server thread/DEBUG] [FML]: Roguelike Dungeons loaded a new chunk [-37, -45] in dimension 0 (overworld) while populating chunk [-30, -49], causing cascading worldgen lag.
[00:36:17] [Server thread/DEBUG] [FML]: Please report this to the mod's issue tracker. This log can be disabled in the Forge config.
[00:36:17] [Server thread/DEBUG] [FML]: Roguelike Dungeons loaded a new chunk [-37, -46] in dimension 0 (overworld) while populating chunk [-30, -49], causing cascading worldgen lag.
[00:36:17] [Server thread/DEBUG] [FML]: Please report this to the mod's issue tracker. This log can be disabled in the Forge config.
[00:36:17] [Server thread/DEBUG] [FML]: Roguelike Dungeons loaded a new chunk [-34, -44] in dimension 0 (overworld) while populating chunk [-30, -49], causing cascading worldgen lag.
[00:36:17] [Server thread/DEBUG] [FML]: Please report this to the mod's issue tracker. This log can be disabled in the Forge config.
[00:36:17] [Server thread/DEBUG] [FML]: Roguelike Dungeons loaded a new chunk [-34, -43] in dimension 0 (overworld) while populating chunk [-30, -49], causing cascading worldgen lag.
[00:36:17] [Server thread/DEBUG] [FML]: Please report this to the mod's issue tracker. This log can be disabled in the Forge config.
[00:36:17] [Server thread/DEBUG] [FML]: Roguelike Dungeons loaded a new chunk [-37, -47] in dimension 0 (overworld) while populating chunk [-30, -49], causing cascading worldgen lag.
[00:36:17] [Server thread/DEBUG] [FML]: Please report this to the mod's issue tracker. This log can be disabled in the Forge config.
[00:36:17] [Server thread/DEBUG] [FML]: Roguelike Dungeons loaded a new chunk [-37, -48] in dimension 0 (overworld) while populating chunk [-30, -49], causing cascading worldgen lag.
[00:36:17] [Server thread/DEBUG] [FML]: Please report this to the mod's issue tracker. This log can be disabled in the Forge config.
[00:36:43] [Async Chat Thread - 23/INFO] []: <esnorlax7u7> zzz
[00:36:44] [Server thread/WARN] [net.minecraft.entity.SharedMonsterAttributes]: Ignoring unknown attribute 'generic.scales'
[00:36:44] [Server thread/WARN] [net.minecraft.entity.SharedMonsterAttributes]: Ignoring unknown attribute 'generic.scales'
[00:36:44] [Server thread/WARN] [net.minecraft.entity.SharedMonsterAttributes]: Ignoring unknown attribute 'generic.scales'
[00:37:05] [Async Chat Thread - 23/INFO] []: <Repollodorado> no puedo
[00:37:17] [Server thread/INFO] [net.minecraft.network.NetHandlerPlayServer]: esnorlax7u7 issued server command: /time set day
[00:37:17] [Server thread/INFO] [net.minecraft.server.dedicated.DedicatedServer]: [esnorlax7u7: Set the time to 1000]
[00:38:21] [Server thread/DEBUG] [FML]: Gathering id map for writing to world save world
[00:43:21] [Server thread/DEBUG] [FML]: Gathering id map for writing to world save world
[00:44:35] [Server thread/INFO] [net.minecraft.network.NetHandlerPlayServer]: esnorlax7u7 issued server command: /shower clear
[00:44:41] [Server thread/INFO] [net.minecraft.network.NetHandlerPlayServer]: esnorlax7u7 issued server command: /help
[00:45:56] [Server thread/INFO] [net.minecraft.network.NetHandlerPlayServer]: esnorlax7u7 issued server command: /weather clear
[00:45:56] [Server thread/INFO] [net.minecraft.server.dedicated.DedicatedServer]: [esnorlax7u7: Changing to clear weather]
[00:46:09] [Async Chat Thread - 24/INFO] []: <Repollodorado> no spawnean ovejas?
[00:46:14] [Async Chat Thread - 24/INFO] []: <esnorlax7u7> si
[00:47:34] [Async Chat Thread - 25/INFO] []: <esnorlax7u7> zzzz
[00:48:04] [Async Chat Thread - 25/INFO] []: <esnorlax7u7> zzz
[00:48:22] [Server thread/DEBUG] [FML]: Gathering id map for writing to world save world
[00:48:22] [Async Chat Thread - 25/INFO] []: <Repollodorado> no puedo
[00:48:25] [Async Chat Thread - 25/INFO] []: <esnorlax7u7> xd
[00:48:30] [Server thread/INFO] [mca]: Villager death: Jame. Caused by: Zombie. UUID: 01f774e1-b3a0-4fdf-be8c-3d04790a9307
[00:48:33] [Server thread/INFO] [net.minecraft.network.NetHandlerPlayServer]: esnorlax7u7 issued server command: /time set day
[00:48:33] [Server thread/INFO] [net.minecraft.server.dedicated.DedicatedServer]: [esnorlax7u7: Set the time to 1000]
[00:53:22] [Server thread/DEBUG] [FML]: Gathering id map for writing to world save world
